Archive member included because of file (symbol)

d:/embedded systems/boon/01- sdk/imt_sdk_win_64/winavr/bin/../lib/gcc/avr/4.3.3/avr5\libgcc.a(_udivmodhi4.o)
                              ./main.o (__udivmodhi4)
d:/embedded systems/boon/01- sdk/imt_sdk_win_64/winavr/bin/../lib/gcc/avr/4.3.3/avr5\libgcc.a(_exit.o)
                              d:/embedded systems/boon/01- sdk/imt_sdk_win_64/winavr/bin/../lib/gcc/avr/4.3.3/../../../../avr/lib/avr5/crtm32.o (exit)
d:/embedded systems/boon/01- sdk/imt_sdk_win_64/winavr/bin/../lib/gcc/avr/4.3.3/avr5\libgcc.a(_copy_data.o)
                              ./main.o (__do_copy_data)
d:/embedded systems/boon/01- sdk/imt_sdk_win_64/winavr/bin/../lib/gcc/avr/4.3.3/avr5\libgcc.a(_clear_bss.o)
                              ./TIM0_prog.o (__do_clear_bss)
d:/embedded systems/boon/01- sdk/imt_sdk_win_64/winavr/bin/../lib/gcc/avr/4.3.3/../../../../avr/lib/avr5\libc.a(itoa.o)
                              ./main.o (itoa)
d:/embedded systems/boon/01- sdk/imt_sdk_win_64/winavr/bin/../lib/gcc/avr/4.3.3/../../../../avr/lib/avr5\libc.a(strrev.o)
                              d:/embedded systems/boon/01- sdk/imt_sdk_win_64/winavr/bin/../lib/gcc/avr/4.3.3/../../../../avr/lib/avr5\libc.a(itoa.o) (strrev)

Memory Configuration

Name             Origin             Length             Attributes
text             0x00000000         0x00020000         xr
data             0x00800060         0x0000ffa0         rw !x
eeprom           0x00810000         0x00010000         rw !x
fuse             0x00820000         0x00000400         rw !x
lock             0x00830000         0x00000400         rw !x
signature        0x00840000         0x00000400         rw !x
*default*        0x00000000         0xffffffff

Linker script and memory map

LOAD d:/embedded systems/boon/01- sdk/imt_sdk_win_64/winavr/bin/../lib/gcc/avr/4.3.3/../../../../avr/lib/avr5/crtm32.o
LOAD ./ADC_prog.o
LOAD ./DIO_prog.o
LOAD ./GIE_prog.o
LOAD ./TIM0_prog.o
LOAD ./USART_prog.o
LOAD ./main.o
LOAD d:/embedded systems/boon/01- sdk/imt_sdk_win_64/winavr/bin/../lib/gcc/avr/4.3.3/avr5\libgcc.a
LOAD d:/embedded systems/boon/01- sdk/imt_sdk_win_64/winavr/bin/../lib/gcc/avr/4.3.3/../../../../avr/lib/avr5\libc.a
LOAD d:/embedded systems/boon/01- sdk/imt_sdk_win_64/winavr/bin/../lib/gcc/avr/4.3.3/avr5\libgcc.a

.hash
 *(.hash)

.dynsym
 *(.dynsym)

.dynstr
 *(.dynstr)

.gnu.version
 *(.gnu.version)

.gnu.version_d
 *(.gnu.version_d)

.gnu.version_r
 *(.gnu.version_r)

.rel.init
 *(.rel.init)

.rela.init
 *(.rela.init)

.rel.text
 *(.rel.text)
 *(.rel.text.*)
 *(.rel.gnu.linkonce.t*)

.rela.text
 *(.rela.text)
 *(.rela.text.*)
 *(.rela.gnu.linkonce.t*)

.rel.fini
 *(.rel.fini)

.rela.fini
 *(.rela.fini)

.rel.rodata
 *(.rel.rodata)
 *(.rel.rodata.*)
 *(.rel.gnu.linkonce.r*)

.rela.rodata
 *(.rela.rodata)
 *(.rela.rodata.*)
 *(.rela.gnu.linkonce.r*)

.rel.data
 *(.rel.data)
 *(.rel.data.*)
 *(.rel.gnu.linkonce.d*)

.rela.data
 *(.rela.data)
 *(.rela.data.*)
 *(.rela.gnu.linkonce.d*)

.rel.ctors
 *(.rel.ctors)

.rela.ctors
 *(.rela.ctors)

.rel.dtors
 *(.rel.dtors)

.rela.dtors
 *(.rela.dtors)

.rel.got
 *(.rel.got)

.rela.got
 *(.rela.got)

.rel.bss
 *(.rel.bss)

.rela.bss
 *(.rela.bss)

.rel.plt
 *(.rel.plt)

.rela.plt
 *(.rela.plt)

.text           0x00000000      0xce2
 *(.vectors)
 .vectors       0x00000000       0x54 d:/embedded systems/boon/01- sdk/imt_sdk_win_64/winavr/bin/../lib/gcc/avr/4.3.3/../../../../avr/lib/avr5/crtm32.o
                0x00000000                __vectors
                0x00000000                __vector_default
 *(.vectors)
 *(.progmem.gcc*)
 *(.progmem*)
                0x00000054                . = ALIGN (0x2)
                0x00000054                __trampolines_start = .
 *(.trampolines)
 .trampolines   0x00000054        0x0 linker stubs
 *(.trampolines*)
                0x00000054                __trampolines_end = .
 *(.jumptables)
 *(.jumptables*)
 *(.lowtext)
 *(.lowtext*)
                0x00000054                __ctors_start = .
 *(.ctors)
                0x00000054                __ctors_end = .
                0x00000054                __dtors_start = .
 *(.dtors)
                0x00000054                __dtors_end = .
 SORT(*)(.ctors)
 SORT(*)(.dtors)
 *(.init0)
 .init0         0x00000054        0x0 d:/embedded systems/boon/01- sdk/imt_sdk_win_64/winavr/bin/../lib/gcc/avr/4.3.3/../../../../avr/lib/avr5/crtm32.o
                0x00000054                __init
 *(.init0)
 *(.init1)
 *(.init1)
 *(.init2)
 .init2         0x00000054        0xc d:/embedded systems/boon/01- sdk/imt_sdk_win_64/winavr/bin/../lib/gcc/avr/4.3.3/../../../../avr/lib/avr5/crtm32.o
 *(.init2)
 *(.init3)
 *(.init3)
 *(.init4)
 .init4         0x00000060       0x16 d:/embedded systems/boon/01- sdk/imt_sdk_win_64/winavr/bin/../lib/gcc/avr/4.3.3/avr5\libgcc.a(_copy_data.o)
                0x00000060                __do_copy_data
 .init4         0x00000076       0x10 d:/embedded systems/boon/01- sdk/imt_sdk_win_64/winavr/bin/../lib/gcc/avr/4.3.3/avr5\libgcc.a(_clear_bss.o)
                0x00000076                __do_clear_bss
 *(.init4)
 *(.init5)
 *(.init5)
 *(.init6)
 *(.init6)
 *(.init7)
 *(.init7)
 *(.init8)
 *(.init8)
 *(.init9)
 .init9         0x00000086        0x8 d:/embedded systems/boon/01- sdk/imt_sdk_win_64/winavr/bin/../lib/gcc/avr/4.3.3/../../../../avr/lib/avr5/crtm32.o
 *(.init9)
 *(.text)
 .text          0x0000008e        0x4 d:/embedded systems/boon/01- sdk/imt_sdk_win_64/winavr/bin/../lib/gcc/avr/4.3.3/../../../../avr/lib/avr5/crtm32.o
                0x0000008e                __vector_1
                0x0000008e                __vector_12
                0x0000008e                __bad_interrupt
                0x0000008e                __vector_6
                0x0000008e                __vector_3
                0x0000008e                __vector_13
                0x0000008e                __vector_17
                0x0000008e                __vector_19
                0x0000008e                __vector_7
                0x0000008e                __vector_5
                0x0000008e                __vector_4
                0x0000008e                __vector_9
                0x0000008e                __vector_2
                0x0000008e                __vector_15
                0x0000008e                __vector_8
                0x0000008e                __vector_14
                0x0000008e                __vector_10
                0x0000008e                __vector_16
                0x0000008e                __vector_18
                0x0000008e                __vector_20
 .text          0x00000092        0x0 ./ADC_prog.o
 .text          0x00000092        0x0 ./DIO_prog.o
 .text          0x00000092        0x0 ./GIE_prog.o
 .text          0x00000092        0x0 ./TIM0_prog.o
 .text          0x00000092        0x0 ./USART_prog.o
 .text          0x00000092        0x0 ./main.o
 .text          0x00000092        0x0 d:/embedded systems/boon/01- sdk/imt_sdk_win_64/winavr/bin/../lib/gcc/avr/4.3.3/avr5\libgcc.a(_udivmodhi4.o)
 .text          0x00000092        0x0 d:/embedded systems/boon/01- sdk/imt_sdk_win_64/winavr/bin/../lib/gcc/avr/4.3.3/avr5\libgcc.a(_exit.o)
 .text          0x00000092        0x0 d:/embedded systems/boon/01- sdk/imt_sdk_win_64/winavr/bin/../lib/gcc/avr/4.3.3/avr5\libgcc.a(_copy_data.o)
 .text          0x00000092        0x0 d:/embedded systems/boon/01- sdk/imt_sdk_win_64/winavr/bin/../lib/gcc/avr/4.3.3/avr5\libgcc.a(_clear_bss.o)
 .text          0x00000092        0x0 d:/embedded systems/boon/01- sdk/imt_sdk_win_64/winavr/bin/../lib/gcc/avr/4.3.3/../../../../avr/lib/avr5\libc.a(itoa.o)
 .text          0x00000092        0x0 d:/embedded systems/boon/01- sdk/imt_sdk_win_64/winavr/bin/../lib/gcc/avr/4.3.3/../../../../avr/lib/avr5\libc.a(strrev.o)
                0x00000092                . = ALIGN (0x2)
 *(.text.*)
 .text.ADC_voidInit
                0x00000092       0xe0 ./ADC_prog.o
                0x00000092                ADC_voidInit
 .text.ADC_voidEnable
                0x00000172       0x1c ./ADC_prog.o
                0x00000172                ADC_voidEnable
 .text.ADC_voidInterrputEnable
                0x0000018e       0x1c ./ADC_prog.o
                0x0000018e                ADC_voidInterrputEnable
 .text.ADC_voidDisable
                0x000001aa       0x1c ./ADC_prog.o
                0x000001aa                ADC_voidDisable
 .text.ADC_voidStartConversion
                0x000001c6       0x1c ./ADC_prog.o
                0x000001c6                ADC_voidStartConversion
 .text.ADC_voidAutoTrigger
                0x000001e2       0x46 ./ADC_prog.o
                0x000001e2                ADC_voidAutoTrigger
 .text.ADC_u16ReadADC
                0x00000228       0x64 ./ADC_prog.o
                0x00000228                ADC_u16ReadADC
 .text.DIO_void_Intialization
                0x0000028c       0x2e ./DIO_prog.o
                0x0000028c                DIO_void_Intialization
 .text.DIO_void_SetPinValue
                0x000002ba      0x1d0 ./DIO_prog.o
                0x000002ba                DIO_void_SetPinValue
 .text.DIO_u8_GetPinValue
                0x0000048a       0xe2 ./DIO_prog.o
                0x0000048a                DIO_u8_GetPinValue
 .text.DIO_void_TooglePin
                0x0000056c       0xee ./DIO_prog.o
                0x0000056c                DIO_void_TooglePin
 .text.DIO_void_SetPinDirection
                0x0000065a      0x1d0 ./DIO_prog.o
                0x0000065a                DIO_void_SetPinDirection
 .text.GIE_void_enable
                0x0000082a       0x1c ./GIE_prog.o
                0x0000082a                GIE_void_enable
 .text.GIE_void_disable
                0x00000846       0x1c ./GIE_prog.o
                0x00000846                GIE_void_disable
 .text.TIM0_init
                0x00000862       0x32 ./TIM0_prog.o
                0x00000862                TIM0_init
 .text.TIM0_enableOverflowinterrupt
                0x00000894       0x1c ./TIM0_prog.o
                0x00000894                TIM0_enableOverflowinterrupt
 .text.TIM0_disbleOverflowinterrupt
                0x000008b0       0x1c ./TIM0_prog.o
                0x000008b0                TIM0_disbleOverflowinterrupt
 .text.TIM0_SetCallBackOvf
                0x000008cc       0x24 ./TIM0_prog.o
                0x000008cc                TIM0_SetCallBackOvf
 .text.TIM0_SetCallBack
                0x000008f0       0x24 ./TIM0_prog.o
                0x000008f0                TIM0_SetCallBack
 .text.__vector_11
                0x00000914       0x5a ./TIM0_prog.o
                0x00000914                __vector_11
 .text.TIM0_SetTCNT0
                0x0000096e       0x1c ./TIM0_prog.o
                0x0000096e                TIM0_SetTCNT0
 .text.TIM0_SetOcr
                0x0000098a       0x1c ./TIM0_prog.o
                0x0000098a                TIM0_SetOcr
 .text.USART_Init
                0x000009a6       0xea ./USART_prog.o
                0x000009a6                USART_Init
 .text.USART_Transmit
                0x00000a90       0x34 ./USART_prog.o
                0x00000a90                USART_Transmit
 .text.USART_TransmitString
                0x00000ac4       0x58 ./USART_prog.o
                0x00000ac4                USART_TransmitString
 .text.USART_Receive
                0x00000b1c       0x1e ./USART_prog.o
                0x00000b1c                USART_Receive
 .text.delnms   0x00000b3a       0x6a ./main.o
                0x00000b3a                delnms
 .text.main     0x00000ba4       0xb0 ./main.o
                0x00000ba4                main
 .text.libgcc   0x00000c54       0x28 d:/embedded systems/boon/01- sdk/imt_sdk_win_64/winavr/bin/../lib/gcc/avr/4.3.3/avr5\libgcc.a(_udivmodhi4.o)
                0x00000c54                __udivmodhi4
 .text.libgcc   0x00000c7c        0x0 d:/embedded systems/boon/01- sdk/imt_sdk_win_64/winavr/bin/../lib/gcc/avr/4.3.3/avr5\libgcc.a(_exit.o)
 .text.libgcc   0x00000c7c        0x0 d:/embedded systems/boon/01- sdk/imt_sdk_win_64/winavr/bin/../lib/gcc/avr/4.3.3/avr5\libgcc.a(_copy_data.o)
 .text.libgcc   0x00000c7c        0x0 d:/embedded systems/boon/01- sdk/imt_sdk_win_64/winavr/bin/../lib/gcc/avr/4.3.3/avr5\libgcc.a(_clear_bss.o)
 .text.avr-libc
                0x00000c7c       0x42 d:/embedded systems/boon/01- sdk/imt_sdk_win_64/winavr/bin/../lib/gcc/avr/4.3.3/../../../../avr/lib/avr5\libc.a(itoa.o)
                0x00000c7c                itoa
 .text.avr-libc
                0x00000cbe       0x20 d:/embedded systems/boon/01- sdk/imt_sdk_win_64/winavr/bin/../lib/gcc/avr/4.3.3/../../../../avr/lib/avr5\libc.a(strrev.o)
                0x00000cbe                strrev
                0x00000cde                . = ALIGN (0x2)
 *(.fini9)
 .fini9         0x00000cde        0x0 d:/embedded systems/boon/01- sdk/imt_sdk_win_64/winavr/bin/../lib/gcc/avr/4.3.3/avr5\libgcc.a(_exit.o)
                0x00000cde                exit
                0x00000cde                _exit
 *(.fini9)
 *(.fini8)
 *(.fini8)
 *(.fini7)
 *(.fini7)
 *(.fini6)
 *(.fini6)
 *(.fini5)
 *(.fini5)
 *(.fini4)
 *(.fini4)
 *(.fini3)
 *(.fini3)
 *(.fini2)
 *(.fini2)
 *(.fini1)
 *(.fini1)
 *(.fini0)
 .fini0         0x00000cde        0x4 d:/embedded systems/boon/01- sdk/imt_sdk_win_64/winavr/bin/../lib/gcc/avr/4.3.3/avr5\libgcc.a(_exit.o)
 *(.fini0)
                0x00000ce2                _etext = .

.data           0x00800060        0xc load address 0x00000ce2
                0x00800060                PROVIDE (__data_start, .)
 *(.data)
 .data          0x00800060        0x0 d:/embedded systems/boon/01- sdk/imt_sdk_win_64/winavr/bin/../lib/gcc/avr/4.3.3/../../../../avr/lib/avr5/crtm32.o
 .data          0x00800060        0x0 ./ADC_prog.o
 .data          0x00800060        0x0 ./DIO_prog.o
 .data          0x00800060        0x0 ./GIE_prog.o
 .data          0x00800060        0x0 ./TIM0_prog.o
 .data          0x00800060        0x0 ./USART_prog.o
 .data          0x00800060        0xc ./main.o
 .data          0x0080006c        0x0 d:/embedded systems/boon/01- sdk/imt_sdk_win_64/winavr/bin/../lib/gcc/avr/4.3.3/avr5\libgcc.a(_udivmodhi4.o)
 .data          0x0080006c        0x0 d:/embedded systems/boon/01- sdk/imt_sdk_win_64/winavr/bin/../lib/gcc/avr/4.3.3/avr5\libgcc.a(_exit.o)
 .data          0x0080006c        0x0 d:/embedded systems/boon/01- sdk/imt_sdk_win_64/winavr/bin/../lib/gcc/avr/4.3.3/avr5\libgcc.a(_copy_data.o)
 .data          0x0080006c        0x0 d:/embedded systems/boon/01- sdk/imt_sdk_win_64/winavr/bin/../lib/gcc/avr/4.3.3/avr5\libgcc.a(_clear_bss.o)
 .data          0x0080006c        0x0 d:/embedded systems/boon/01- sdk/imt_sdk_win_64/winavr/bin/../lib/gcc/avr/4.3.3/../../../../avr/lib/avr5\libc.a(itoa.o)
 .data          0x0080006c        0x0 d:/embedded systems/boon/01- sdk/imt_sdk_win_64/winavr/bin/../lib/gcc/avr/4.3.3/../../../../avr/lib/avr5\libc.a(strrev.o)
 *(.data*)
 *(.rodata)
 *(.rodata*)
 *(.gnu.linkonce.d*)
                0x0080006c                . = ALIGN (0x2)
                0x0080006c                _edata = .
                0x0080006c                PROVIDE (__data_end, .)

.bss            0x0080006c        0x4
                0x0080006c                PROVIDE (__bss_start, .)
 *(.bss)
 .bss           0x0080006c        0x0 d:/embedded systems/boon/01- sdk/imt_sdk_win_64/winavr/bin/../lib/gcc/avr/4.3.3/../../../../avr/lib/avr5/crtm32.o
 .bss           0x0080006c        0x0 ./ADC_prog.o
 .bss           0x0080006c        0x0 ./DIO_prog.o
 .bss           0x0080006c        0x0 ./GIE_prog.o
 .bss           0x0080006c        0x0 ./TIM0_prog.o
 .bss           0x0080006c        0x0 ./USART_prog.o
 .bss           0x0080006c        0x0 ./main.o
 .bss           0x0080006c        0x0 d:/embedded systems/boon/01- sdk/imt_sdk_win_64/winavr/bin/../lib/gcc/avr/4.3.3/avr5\libgcc.a(_udivmodhi4.o)
 .bss           0x0080006c        0x0 d:/embedded systems/boon/01- sdk/imt_sdk_win_64/winavr/bin/../lib/gcc/avr/4.3.3/avr5\libgcc.a(_exit.o)
 .bss           0x0080006c        0x0 d:/embedded systems/boon/01- sdk/imt_sdk_win_64/winavr/bin/../lib/gcc/avr/4.3.3/avr5\libgcc.a(_copy_data.o)
 .bss           0x0080006c        0x0 d:/embedded systems/boon/01- sdk/imt_sdk_win_64/winavr/bin/../lib/gcc/avr/4.3.3/avr5\libgcc.a(_clear_bss.o)
 .bss           0x0080006c        0x0 d:/embedded systems/boon/01- sdk/imt_sdk_win_64/winavr/bin/../lib/gcc/avr/4.3.3/../../../../avr/lib/avr5\libc.a(itoa.o)
 .bss           0x0080006c        0x0 d:/embedded systems/boon/01- sdk/imt_sdk_win_64/winavr/bin/../lib/gcc/avr/4.3.3/../../../../avr/lib/avr5\libc.a(strrev.o)
 *(.bss*)
 .bss.y         0x0080006c        0x2 ./TIM0_prog.o
 .bss.n         0x0080006e        0x2 ./TIM0_prog.o
 *(COMMON)
                0x00800070                PROVIDE (__bss_end, .)
                0x00000ce2                __data_load_start = LOADADDR (.data)
                0x00000cee                __data_load_end = (__data_load_start + SIZEOF (.data))

.noinit         0x00800070        0x0
                0x00800070                PROVIDE (__noinit_start, .)
 *(.noinit*)
                0x00800070                PROVIDE (__noinit_end, .)
                0x00800070                _end = .
                0x00800070                PROVIDE (__heap_start, .)

.eeprom         0x00810000        0x0
 *(.eeprom*)
                0x00810000                __eeprom_end = .

.fuse
 *(.fuse)
 *(.lfuse)
 *(.hfuse)
 *(.efuse)

.lock
 *(.lock*)

.signature
 *(.signature*)

.stab           0x00000000     0x16d4
 *(.stab)
 .stab          0x00000000      0x420 ./ADC_prog.o
 .stab          0x00000420      0x5f4 ./DIO_prog.o
                                0x600 (size before relaxing)
 .stab          0x00000a14      0x144 ./GIE_prog.o
                                0x1d4 (size before relaxing)
 .stab          0x00000b58      0x348 ./TIM0_prog.o
                                0x354 (size before relaxing)
 .stab          0x00000ea0      0x354 ./USART_prog.o
                                0x408 (size before relaxing)
 .stab          0x000011f4      0x4e0 ./main.o
                                0x594 (size before relaxing)

.stabstr        0x00000000      0xeac
 *(.stabstr)
 .stabstr       0x00000000      0xeac ./ADC_prog.o

.stab.excl
 *(.stab.excl)

.stab.exclstr
 *(.stab.exclstr)

.stab.index
 *(.stab.index)

.stab.indexstr
 *(.stab.indexstr)

.comment
 *(.comment)

.debug
 *(.debug)

.line
 *(.line)

.debug_srcinfo
 *(.debug_srcinfo)

.debug_sfnames
 *(.debug_sfnames)

.debug_aranges
 *(.debug_aranges)

.debug_pubnames
 *(.debug_pubnames)

.debug_info
 *(.debug_info)
 *(.gnu.linkonce.wi.*)

.debug_abbrev
 *(.debug_abbrev)

.debug_line
 *(.debug_line)

.debug_frame
 *(.debug_frame)

.debug_str
 *(.debug_str)

.debug_loc
 *(.debug_loc)

.debug_macinfo
 *(.debug_macinfo)
OUTPUT(GSR.elf elf32-avr)
LOAD linker stubs
